Traceback (most recent call last):
  File "C:\xampp\htdocs\AIINVENTORY\ml\association_analysis.py", line 19, in main
    print("\U0001f680 Memulai analisis asosiasi...")
    ~~~~~^^^^^^^^^^^^^^^^^^^^^^^^^^^^^^^^^^^
  File "C:\Users\Sugir\AppData\Local\Programs\Python\Python314\Lib\encodings\cp1252.py", line 19, in encode
    return codecs.charmap_encode(input,self.errors,encoding_table)[0]
           ~~~~~~~~~~~~~~~~~~~~~^^^^^^^^^^^^^^^^^^^^^^^^^^^^^^^^^^
UnicodeEncodeError: 'charmap' codec can't encode character '\U0001f680' in position 0: character maps to <undefined>

During handling of the above exception, another exception occurred:

Traceback (most recent call last):
  File "C:\xampp\htdocs\AIINVENTORY\ml\association_analysis.py", line 158, in <module>
    main()
    ~~~~^^
  File "C:\xampp\htdocs\AIINVENTORY\ml\association_analysis.py", line 152, in main
    print(f"\u274c ERROR: {str(e)}")
    ~~~~~^^^^^^^^^^^^^^^^^^^^^^^
  File "C:\Users\Sugir\AppData\Local\Programs\Python\Python314\Lib\encodings\cp1252.py", line 19, in encode
    return codecs.charmap_encode(input,self.errors,encoding_table)[0]
           ~~~~~~~~~~~~~~~~~~~~~^^^^^^^^^^^^^^^^^^^^^^^^^^^^^^^^^^
UnicodeEncodeError: 'charmap' codec can't encode character '\u274c' in position 0: character maps to <undefined>
